<?xml version="1.0" encoding="utf-8"?><testsuites><testsuite name="pytest" errors="0" failures="0" skipped="0" tests="0" time="0.080" timestamp="2021-01-08T23:46:56.288199" hostname="YELOME02" /></testsuites>